[blackfridaysupplements.store/index.html]
[blackfridaysupplements.store/js/latest.js]
[blackfridaysupplements.store/cdn.utmify.com.br/scripts/pixel/pixel.js]
[blackfridaysupplements.store/js/gtm.js]
[blackfridaysupplements.store/js/pinit_main.js]
[backblue.gif]
[fade.gif]
[index.html]
[blackfridaysupplements.store/js/recaptcha__en.js]
[blackfridaysupplements.store/tema/growth/css/geral/cabecalho/fonts/proxima-nova/proxima-nova.html]
[blackfridaysupplements.store/tema/growth/css/geral/cabecalho/fonts/proxima-nova/proxima-nova-bold.html]
[blackfridaysupplements.store/tema/growth/css/geral/cabecalho/fonts/proxima-nova/proxima-nova-semibold.html]
[blackfridaysupplements.store/tema/growth/css/geral/cabecalho/fonts/proxima-nova/proxima-nova-extrabold.html]
[blackfridaysupplements.store/tema/growth/css/geral/cabecalho/fonts/proxima-nova/proxima-nova-regular-italic.html]
[blackfridaysupplements.store/tema/growth/css/geral/cabecalho/fonts/material-fonts-codes/MaterialIcons-Regular.html]
[blackfridaysupplements.store/tema/growth/css/geral/cabecalho/fonts/proxima-nova/proxima-nova-light.html]
[blackfridaysupplements.store/tema/growth/plugins/slick-1.6.0/fonts/slick.html]
[blackfridaysupplements.store/favicon.ico]
[blackfridaysupplements.store/images/slick-prev.svg]
[blackfridaysupplements.store/images/slick-next.svg]
[blackfridaysupplements.store/images/star-contorno.svg]
[blackfridaysupplements.store/images/star.svg]
[blackfridaysupplements.store/images/sprites.png]
[blackfridaysupplements.store/images/slick-next-menu.svg]
[blackfridaysupplements.store/images/slick-prev-menu.svg]
[blackfridaysupplements.store/fonts/MaterialIcons-Regular.woff2]
[blackfridaysupplements.store/fonts/MaterialIcons-Regular.woff]
[blackfridaysupplements.store/fonts/MaterialIcons-Regular.ttf]
[blackfridaysupplements.store/js/hotjar-3067104.js]
[blackfridaysupplements.store/js/hotjar-3067104_2.js]
[blackfridaysupplements.store/js/hotjar-3067104_1.js]
[blackfridaysupplements.store/page-script.html]
[blackfridaysupplements.store/css/widget.css]
[blackfridaysupplements.store/css/widget_1.css]
[blackfridaysupplements.store/css/sincero.css]
[blackfridaysupplements.store/js-1b2e8b2e8.html%40id%3DG-B0521B3853.html]
[blackfridaysupplements.store/index_1.html]
[blackfridaysupplements.store/js/pixel_1.js]
[blackfridaysupplements.store/js/pixel.js]
[blackfridaysupplements.store/index-2.html]
[blackfridaysupplements.store/images/logo.png]
[blackfridaysupplements.store/images/search-ab.svg]
[blackfridaysupplements.store/images/s_top-whey-protein-concentrado-1kg-growth-supplements.png]
[blackfridaysupplements.store/images/s_top-whey-protein-isolado-1kg-growth-supplements.jpg]
[blackfridaysupplements.store/images/s_creatina-250g-creapure-growth-supplements-1.png]
[blackfridaysupplements.store/images/s_multivitam-nico-120-c-ps-nova-f-rmula-growth-supplements.png]
[blackfridaysupplements.store/images/s_l-glutamina-250g-growth-supplements.png]
[blackfridaysupplements.store/images/icone-usuario-ab.png]
[blackfridaysupplements.store/images/icone-faleConosco-ab.png]
[blackfridaysupplements.store/images/msg.svg]
[blackfridaysupplements.store/images/atencao.svg]
[blackfridaysupplements.store/images/cart-ab.svg]
[blackfridaysupplements.store/images/search-mob-ab.svg]
[blackfridaysupplements.store/images/search.svg]
[blackfridaysupplements.store/images/44cc4880f94175d4f1ac57a4ec9265a3.jpg]
[blackfridaysupplements.store/images/ffd0f65b30de66011eb91152852660ba.webp]
[blackfridaysupplements.store/images/d8b65a23b7aa14ba634ebb11a00593db.webp]
[blackfridaysupplements.store/images/1d88e1e3bf43c6b3d3287c88aecfb0c5.webp]
[blackfridaysupplements.store/images/6ede86dee3b8d3e9aea0141636cf036a.jpg]
[blackfridaysupplements.store/images/baadb9ed949d6fff6f6d3f1381d6747e.webp]
[blackfridaysupplements.store/images/ec55623e06cdb6d25fe450050ad970b2.jpg]
[blackfridaysupplements.store/images/54e6cfbc99a78d50700796e1418a2cc5.jpg]
[blackfridaysupplements.store/images/3943396ecee6e419740cd1c85b4cf284.jpg]
[blackfridaysupplements.store/images/8ae2fbcb504a01d6acf77573f1cf60b3.jpg]
[blackfridaysupplements.store/69584aa89e538370328321efbd9d8f16.html]
[blackfridaysupplements.store/ca2fa0388bd917c4405a4149064687d5.html]
[blackfridaysupplements.store/8dc0b8b755c6f878441f01f37dca67fa.html]
[blackfridaysupplements.store/cdcafd7cca2d4220ab8ec1cadae5423c.html]
[blackfridaysupplements.store/0dccd0c334a269598545e6bdfcabc2db.html]
[blackfridaysupplements.store/63bce759184c7f5f5bc50503906bd610.html]
[blackfridaysupplements.store/ea087429fcdd4baf6f5d098b28b02987.html]
[blackfridaysupplements.store/97408f60ce423ae7e74d483c390e7f2a.html]
[blackfridaysupplements.store/6f495bb382d2ac047deb9e4ecbf19ecc.html]
[blackfridaysupplements.store/8c34943e64f57575d79507c6408e7ff6.html]
[blackfridaysupplements.store/9bff61dea4ca7c4eb376533e610ec8e6.html]
[blackfridaysupplements.store/dec9229c4ae645f26af354ddab193397.html]
[blackfridaysupplements.store/f26cf3e3b092a77d0fef0a2d30f37f83.html]
[blackfridaysupplements.store/3bb7519754147e743c85e957ee180521.html]
[blackfridaysupplements.store/3501316d1572d5ea296a5587a88ea718.html]
[blackfridaysupplements.store/images/b6e27a18667a4f3137618dbce4ae274d.webp]
[blackfridaysupplements.store/images/4678e438b7516506b529aaa9ea4cf3c0.png]
[blackfridaysupplements.store/images/5a1fcd2d5b5f93e27441ae91e9189e3c.png]
[blackfridaysupplements.store/images/bdc19d922bb92abe3f905cc03699a4c5.png]
[blackfridaysupplements.store/images/3cd96ea3b3b4be59a04f27b3ddb419af.png]
[blackfridaysupplements.store/images/d7a8ea7756b4f63a7188a949e5da9155.jpg]
[blackfridaysupplements.store/images/19642709aa0b8f6060b142acbe85e28f.jpg]
[blackfridaysupplements.store/images/5f414e4199d729e237152dd3fe3b9f4c.jpg]
[blackfridaysupplements.store/images/2e8b0969943d280ed19f830af4128936.jpg]
[blackfridaysupplements.store/images/da8310903e1858a22172dfbe51b41dc0.jpg]
[blackfridaysupplements.store/images/770dce65f72314b357ca845722c13343.jpg]
[blackfridaysupplements.store/images/b99db0bebcdc84618ef032eb714b293a.jpg]
[blackfridaysupplements.store/images/icone-usuario.png]
[blackfridaysupplements.store/images/icone-faleConosco.png]
[blackfridaysupplements.store/images/cart.svg]
[blackfridaysupplements.store/images/arrow-prev.svg]
[blackfridaysupplements.store/images/fundo-mobile.jpg]
[blackfridaysupplements.store/images/check_2.svg]
[blackfridaysupplements.store/images/sprint-selos.png]
[blackfridaysupplements.store/images/list-icon.svg]
[blackfridaysupplements.store/images/background-section-new-02-v3.jpg]
[blackfridaysupplements.store/images/bg-sobre-03.png]
[blackfridaysupplements.store/images/whey-bg-04-v2.webp]
[blackfridaysupplements.store/images/b-sabor-icon.png]
[blackfridaysupplements.store/images/background-section-05.jpg]
[blackfridaysupplements.store/images/background-section-06.png]
[blackfridaysupplements.store/images/questions-icon.svg]
[blackfridaysupplements.store/images/back-video-2.jpg]
[blackfridaysupplements.store/images/03_1.jpg]
[blackfridaysupplements.store/images/seta-icon.svg]
[blackfridaysupplements.store/Design sem nome (3]
[blackfridaysupplements.store/images/flexa-esq.svg]
[blackfridaysupplements.store/images/flexa-dir.svg]
[blackfridaysupplements.store/js/email-decode.min.js]
[blackfridaysupplements.store/images/icon-dose-branco.png]
[blackfridaysupplements.store/images/icon-01.png]
[blackfridaysupplements.store/images/icon-02.png]
[blackfridaysupplements.store/images/icon-glutamina-branco.png]
[blackfridaysupplements.store/images/icon-proteina-branco.png]
[blackfridaysupplements.store/images/icon-100-branco.png]
[blackfridaysupplements.store/images/icon-frete-branco.png]
[blackfridaysupplements.store/images/icon-dilui-branco.png]
[blackfridaysupplements.store/Design sem nome (3).png]
[blackfridaysupplements.store/images/fundo-topo-produto-bottom.png]
[blackfridaysupplements.store/images/whey-info-mob.png]
[blackfridaysupplements.store/images/jLw651P.jpg]
[blackfridaysupplements.store/images/sobre-02-icon.png]
[blackfridaysupplements.store/images/aspas.svg]
[blackfridaysupplements.store/images/play.png]
[blackfridaysupplements.store/images/diogo-montenegro2.png]
[blackfridaysupplements.store/images/gorgonoid2.jpg]
[blackfridaysupplements.store/images/d50dfbc21651f37dcb641aa55c1f3322.jpg]
[blackfridaysupplements.store/images/4402c87ffb274803b3410fbf71979b15.jpg]
[blackfridaysupplements.store/images/alert.svg]
[blackfridaysupplements.store/upload/produto/imagem/top-whey-protein-concentrado-1kg-growth-supplements.html]
[blackfridaysupplements.store/www.gsuplementos.com.br/upload/produto/imagem/top-whey-protein-concentrado-1kg-growth-supplements.html]
[blackfridaysupplements.store/images/m_top-whey-protein-concentrado-1kg-growth-supplements.png]
[blackfridaysupplements.store/images/hiper.svg]
[blackfridaysupplements.store/images/diners.svg]
[blackfridaysupplements.store/images/elo.svg]
[blackfridaysupplements.store/images/mastercard.svg]
[blackfridaysupplements.store/images/visa.svg]
[blackfridaysupplements.store/images/americanexpress.svg]
[blackfridaysupplements.store/images/melicard.svg]
[blackfridaysupplements.store/images/mercadopago.svg]
[blackfridaysupplements.store/images/pix.svg]
[blackfridaysupplements.store/js/aw.js]
[blackfridaysupplements.store/images/img_33128.png]
[blackfridaysupplements.store/images/04_1.jpg]
[blackfridaysupplements.store/images/05.jpg]
[blackfridaysupplements.store/images/fone.png]
[blackfridaysupplements.store/images/email.png]
[blackfridaysupplements.store/images/facebook.png]
[blackfridaysupplements.store/images/instagram.png]
[blackfridaysupplements.store/images/youtube.png]
[blackfridaysupplements.store/images/twitter-x.png]
[blackfridaysupplements.store/images/tiktok.png]
[blackfridaysupplements.store/images/telegram.png]
[blackfridaysupplements.store/images/02_1.png]
[blackfridaysupplements.store/images/uappi.svg]
[blackfridaysupplements.store/images/logo-deluca.svg]
[blackfridaysupplements.store/js/widget.js]
[blackfridaysupplements.store/js/colt.min.js]
[blackfridaysupplements.store/js/widget_1.js]
[blackfridaysupplements.store/js/sincero.js]
[blackfridaysupplements.store/js/api.js]
[blackfridaysupplements.store/js/snippet.js]
[blackfridaysupplements.store/js/adsbygoogle.js]
[cdn.utmify.com.br/scripts/pixel/pixel.js]
[blackfridaysupplements.store/index.html]
[blackfridaysupplements.store/wa.me]
[blackfridaysupplements.store/js/latest.js]
[blackfridaysupplements.store/cdn.utmify.com.br/scripts/pixel/pixel.html]
[blackfridaysupplements.store/Edg/index.html]
[blackfridaysupplements.store/+/index.html]
[blackfridaysupplements.store/gtm.html]
[blackfridaysupplements.store/ec.html]
[blackfridaysupplements.store/analytics.html]
[blackfridaysupplements.store/recaptcha.html]
[blackfridaysupplements.store/linkid.html]
[blackfridaysupplements.store/cct.google/taggy/agent.html]
[blackfridaysupplements.store/js/gtm.js]
[blackfridaysupplements.store/js/pinit_main.js]
[blackfridaysupplements.store/webworker.html]
[blackfridaysupplements.store/I[4](23.html]
[blackfridaysupplements.store/I[4](28.html]
[blackfridaysupplements.store/api2/index.html]
[blackfridaysupplements.store/enterprise/index.html]
[blackfridaysupplements.store/this.html]
[blackfridaysupplements.store/this-2.html]
[blackfridaysupplements.store/Z.html]
[blackfridaysupplements.store/index-3.html]
[blackfridaysupplements.store/js/recaptcha__en.js]
[blackfridaysupplements.store/tema/growth/css/geral/cabecalho/fonts/proxima-nova/proxima-nova.html]
[blackfridaysupplements.store/tema/growth/css/geral/cabecalho/fonts/proxima-nova/proxima-nova-bold.html]
[blackfridaysupplements.store/tema/growth/css/geral/cabecalho/fonts/proxima-nova/proxima-nova-semibold.html]
[blackfridaysupplements.store/tema/growth/css/geral/cabecalho/fonts/proxima-nova/proxima-nova-extrabold.html]
[blackfridaysupplements.store/tema/growth/css/geral/cabecalho/fonts/proxima-nova/proxima-nova-regular-italic.html]
[blackfridaysupplements.store/tema/growth/css/geral/cabecalho/fonts/material-fonts-codes/MaterialIcons-Regular.html]
[blackfridaysupplements.store/tema/growth/css/geral/cabecalho/fonts/proxima-nova/proxima-nova-light.html]
[blackfridaysupplements.store/tema/growth/plugins/slick-1.6.0/fonts/slick.html]
[blackfridaysupplements.store/images/arrow-select.svg]
[blackfridaysupplements.store/images/slick-prev.svg]
[blackfridaysupplements.store/images/slick-next.svg]
[blackfridaysupplements.store/images/star-contorno.svg]
[blackfridaysupplements.store/images/star.svg]
[blackfridaysupplements.store/images/slick-next-menu.svg]
[blackfridaysupplements.store/images/slick-prev-menu.svg]
[blackfridaysupplements.store/POST]
[blackfridaysupplements.store/uxa/smb/tag.js]
[blackfridaysupplements.store/modules.86621fa4aeada5bcf025.js]
[blackfridaysupplements.store/js/hotjar-3067104.js]
[blackfridaysupplements.store/modules.c455055d4255707cc766.js]
[blackfridaysupplements.store/js/hotjar-3067104_2.js]
[blackfridaysupplements.store/POST-2.html]
[blackfridaysupplements.store/modules.0ce9b654b0ac7fef3cf0.html]
[blackfridaysupplements.store/js/hotjar-3067104_1.js]
[blackfridaysupplements.store/css/style.min3a9e.css%40ver%3D6.2.5.css]
[blackfridaysupplements.store/css/style.minc141.css%40ver%3D2.6.1.css]
[blackfridaysupplements.store/page-script.html]
[blackfridaysupplements.store/css/theme.minc141.css%40ver%3D2.6.1.css]
[blackfridaysupplements.store/images/tiny_1.svg]
[blackfridaysupplements.store/images/small-right.svg]
[blackfridaysupplements.store/images/small-left.svg]
[blackfridaysupplements.store/images/tiny.svg]
[blackfridaysupplements.store/images/sprite.png]
[blackfridaysupplements.store/css/widget.css]
[blackfridaysupplements.store/images/sprite_1.png]
[blackfridaysupplements.store/images/star-1-0.svg]
[blackfridaysupplements.store/css/widget_1.css]
[blackfridaysupplements.store/css2-1.html]
[blackfridaysupplements.store/icon.html]
[blackfridaysupplements.store/css/sincero.css]
[blackfridaysupplements.store/js-1b2e8b2e8.html@id=G-B0521B3853.html]
[blackfridaysupplements.store/js-1b2e8b2e8.html%40id%3DG-B0521B3853.html]
[blackfridaysupplements.store/index_1.html]
[connect.facebook.net/en_US/fbevents.js]
[cdn.jsdelivr.net/npm/js-sha256/src/sha256.min.js]
[blackfridaysupplements.store/js/pixel_1.js]
[blackfridaysupplements.store/js/pixel.js]
[blackfridaysupplements.store/index-2.html]
[blackfridaysupplements.store/images/search-ab.svg]
[blackfridaysupplements.store/images/msg.svg]
[blackfridaysupplements.store/images/atencao.svg]
[blackfridaysupplements.store/images/cart-ab.svg]
[blackfridaysupplements.store/images/search-mob-ab.svg]
[blackfridaysupplements.store/images/search.svg]
[blackfridaysupplements.store/69584aa89e538370328321efbd9d8f16.html]
[blackfridaysupplements.store/ca2fa0388bd917c4405a4149064687d5.html]
[blackfridaysupplements.store/8dc0b8b755c6f878441f01f37dca67fa.html]
[blackfridaysupplements.store/cdcafd7cca2d4220ab8ec1cadae5423c.html]
[blackfridaysupplements.store/0dccd0c334a269598545e6bdfcabc2db.html]
[blackfridaysupplements.store/63bce759184c7f5f5bc50503906bd610.html]
[blackfridaysupplements.store/ea087429fcdd4baf6f5d098b28b02987.html]
[blackfridaysupplements.store/97408f60ce423ae7e74d483c390e7f2a.html]
[blackfridaysupplements.store/6f495bb382d2ac047deb9e4ecbf19ecc.html]
[blackfridaysupplements.store/8c34943e64f57575d79507c6408e7ff6.html]
[blackfridaysupplements.store/9bff61dea4ca7c4eb376533e610ec8e6.html]
[blackfridaysupplements.store/dec9229c4ae645f26af354ddab193397.html]
[blackfridaysupplements.store/f26cf3e3b092a77d0fef0a2d30f37f83.html]
[blackfridaysupplements.store/3bb7519754147e743c85e957ee180521.html]
[blackfridaysupplements.store/3501316d1572d5ea296a5587a88ea718.html]
[blackfridaysupplements.store/images/cart.svg]
[blackfridaysupplements.store/images/arrow-prev.svg]
[blackfridaysupplements.store/images/check_2.svg]
[blackfridaysupplements.store/images/list-icon.svg]
[blackfridaysupplements.store/images/questions-icon.svg]
[blackfridaysupplements.store/images/seta-icon.svg]
[blackfridaysupplements.store/Design sem nome (3.html]
[blackfridaysupplements.store/images/flexa-esq.svg]
[blackfridaysupplements.store/images/flexa-dir.svg]
[blackfridaysupplements.store/js/email-decode.min.js]
[blackfridaysupplements.store/images/aspas.svg]
[blackfridaysupplements.store/images/alert.svg]
[blackfridaysupplements.store/upload/produto/imagem/top-whey-protein-concentrado-1kg-growth-supplements.html]
[blackfridaysupplements.store/www.gsuplementos.com.br/upload/produto/imagem/top-whey-protein-concentrado-1kg-growth-supplements.html]
[blackfridaysupplements.store/images/hiper.svg]
[blackfridaysupplements.store/images/diners.svg]
[blackfridaysupplements.store/images/elo.svg]
[blackfridaysupplements.store/images/mastercard.svg]
[blackfridaysupplements.store/images/visa.svg]
[blackfridaysupplements.store/images/americanexpress.svg]
[blackfridaysupplements.store/images/melicard.svg]
[blackfridaysupplements.store/images/mercadopago.svg]
[blackfridaysupplements.store/images/pix.svg]
[blackfridaysupplements.store/GET.d0.delayed]
[blackfridaysupplements.store/js/aw.js]
[blackfridaysupplements.store/images/uappi.svg]
[blackfridaysupplements.store/images/logo-deluca.svg]
[blackfridaysupplements.store/js/widget_2.js]
[blackfridaysupplements.store/widget.html]
[blackfridaysupplements.store/js/widget.js]
[blackfridaysupplements.store/n(750.html]
[blackfridaysupplements.store/n(1509.html]
[blackfridaysupplements.store/n(3078.html]
[blackfridaysupplements.store/js/colt.min.js]
[blackfridaysupplements.store/js/widget_1.js]
[blackfridaysupplements.store/edge/index.html]
[blackfridaysupplements.store/js/sincero.js]
[blackfridaysupplements.store/www.gstatic.com/recaptcha/releases/YurWEBlMIwR4EqFPncmQTkxQ/recaptcha__en.html]
[blackfridaysupplements.store/js/api.js]
[blackfridaysupplements.store/js/snippet.js]
[blackfridaysupplements.store/js/adsbygoogle.js]
[blackfridaysupplements.store/wa.html]
[blackfridaysupplements.store/Edg/index.html]
[blackfridaysupplements.store/+/index.html]
[blackfridaysupplements.store/gtm.html]
[blackfridaysupplements.store/ec.html]
[blackfridaysupplements.store/analytics.html]
[blackfridaysupplements.store/recaptcha.html]
[blackfridaysupplements.store/linkid.html]
[blackfridaysupplements.store/cct.google/taggy/agent.html]
[blackfridaysupplements.store/webworker.html]
[blackfridaysupplements.store/I[4](23.html]
[blackfridaysupplements.store/I[4](28.html]
[blackfridaysupplements.store/api2/index.html]
[blackfridaysupplements.store/enterprise/index.html]
[blackfridaysupplements.store/this.html]
[blackfridaysupplements.store/this-2.html]
[blackfridaysupplements.store/Z.html]
[blackfridaysupplements.store/index-3.html]
[blackfridaysupplements.store/POST.html]
[blackfridaysupplements.store/uxa/smb/tag.html]
[blackfridaysupplements.store/modules.86621fa4aeada5bcf025.html]
[blackfridaysupplements.store/modules.c455055d4255707cc766.html]
[blackfridaysupplements.store/POST-2.html]
[blackfridaysupplements.store/modules.0ce9b654b0ac7fef3cf0.html]
[blackfridaysupplements.store/css/style.min3a9e.css%40ver%3D6.2.5.css]
[blackfridaysupplements.store/css/classic-themes.min3a9e.css%40ver%3D6.2.5.css]
[blackfridaysupplements.store/css/style.minc141.css%40ver%3D2.6.1.css]
[blackfridaysupplements.store/css/theme.minc141.css%40ver%3D2.6.1.css]
[blackfridaysupplements.store/images/tiny_1.svg]
[blackfridaysupplements.store/images/small-right.svg]
[blackfridaysupplements.store/images/small-left.svg]
[blackfridaysupplements.store/images/tiny.svg]
[blackfridaysupplements.store/images/star-2-1.svg]
[blackfridaysupplements.store/images/star-1-1.svg]
[blackfridaysupplements.store/images/star-1-0.svg]
[blackfridaysupplements.store/css2-1.html]
[blackfridaysupplements.store/icon.html]
[blackfridaysupplements.store/js-1b2e8b2e8.html@id=G-B0521B3853.html]
[blackfridaysupplements.store/js/a]
[blackfridaysupplements.store/js/POST]
[blackfridaysupplements.store/js/b.resolvedLink]
[blackfridaysupplements.store/signals/iwl.js]
[connect.facebook.net/en_US/fbevents.js]
[blackfridaysupplements.store/GET.html]
[blackfridaysupplements.store/widget.html]
[blackfridaysupplements.store/n(750.html]
[blackfridaysupplements.store/n(1509.html]
[blackfridaysupplements.store/n(3078.html]
[blackfridaysupplements.store/edge/index.html]
[blackfridaysupplements.store/www.gstatic.com/recaptcha/releases/YurWEBlMIwR4EqFPncmQTkxQ/recaptcha__en.html]
[blackfridaysupplements.store/js/a.html]
[blackfridaysupplements.store/js/POST.html]
[blackfridaysupplements.store/js/schema.org/index.html]
[blackfridaysupplements.store/js/schema.org/index.html]
[blackfridaysupplements.store/js/b.html]
[blackfridaysupplements.store/signals/iwl.html]
